plugin_register word2vec/word2vec
[[0,0.0,0.0],true]
table_create Tags TABLE_PAT_KEY ShortText
[[0,0.0,0.0],true]
table_create Entries TABLE_NO_KEY
[[0,0.0,0.0],true]
column_create Entries title COLUMN_SCALAR ShortText
[[0,0.0,0.0],true]
column_create Entries tag COLUMN_SCALAR Tags
[[0,0.0,0.0],true]
column_create Entries tags COLUMN_VECTOR Tags
[[0,0.0,0.0],true]
load --table Entries
[
{"title": "FulltextSearch", "tag": "Library", "tags": ["Groonga", "Rroonga"]},
{"title": "Database", "tag": "Server", "tags": ["MySQL", "PostgreSQL"]},
{"title": "Database", "tag": "Server", "tags": ["MySQL", "PostgreSQL"]}
]
[[0,0.0,0.0],3]
dump_to_train_file Entries title,tag,tags --sentence_vectors 1
[[0,0.0,0.0],true]
word2vec_train --min_count 1 --cbow 1 --sentence_vectors 1
[[0,0.0,0.0],true]
word2vec_distance "doc_id:2" --sentence_vectors 1 --table Entries --column title,tag --sortby -title --offset 1 --limit 1
[
  [
    0,
    0.0,
    0.0
  ],
  [
    [
      2
    ],
    [
      [
        "title",
        "ShortText"
      ],
      [
        "tag",
        "Tags"
      ]
    ],
    [
      "Database",
      "Server"
    ]
  ]
]
