plugin_register word2vec/word2vec
[[0,0.0,0.0],true]
table_create Tags TABLE_PAT_KEY ShortText
[[0,0.0,0.0],true]
table_create Entries TABLE_NO_KEY
[[0,0.0,0.0],true]
column_create Entries title COLUMN_SCALAR ShortText
[[0,0.0,0.0],true]
column_create Entries year COLUMN_SCALAR Int32
[[0,0.0,0.0],true]
column_create Entries tag COLUMN_SCALAR Tags
[[0,0.0,0.0],true]
column_create Entries tags COLUMN_VECTOR Tags
[[0,0.0,0.0],true]
load --table Entries
[
{"title": "FulltextSearch", "year": 2003, "tag": "Library", "tags": ["Groonga", "Rroonga"]},
{"title": "Database", "year": 2010, "tag": "Server", "tags": ["MySQL", "PostgreSQL"]}
]
[[0,0.0,0.0],2]
word2vec_train Entries title,tag,tags --filter 'year >= 2010' --min_count 1
[[0,0.0,0.0],true]
word2vec_distance "MySQL"
[
  [
    0,
    0.0,
    0.0
  ],
  [
    [
      4
    ],
    [
      [
        "_key",
        "ShortText"
      ],
      [
        "_value",
        "Float"
      ]
    ],
    [
      "postgresql",
      0.12582902610302
    ],
    [
      "database",
      0.0368562042713165
    ],
    [
      "server",
      -0.0417644791305065
    ],
    [
      "</s>",
      -0.100139416754246
    ]
  ]
]
