plugin_register word2vec/word2vec
[[0,0.0,0.0],true]
table_create Tags TABLE_PAT_KEY ShortText
[[0,0.0,0.0],true]
table_create Entries TABLE_NO_KEY
[[0,0.0,0.0],true]
column_create Entries title COLUMN_SCALAR ShortText
[[0,0.0,0.0],true]
column_create Entries tag COLUMN_SCALAR Tags
[[0,0.0,0.0],true]
column_create Entries tags COLUMN_VECTOR Tags
[[0,0.0,0.0],true]
load --table Entries
[
{"title": "FulltextSearch", "tag": "Library", "tags": ["Groonga", "Rroonga"]},
{"title": "Database", "tag": "Server", "tags": ["MySQL", "PostgreSQL"]}
]
[[0,0.0,0.0],2]
word2vec_train Entries title,tags,tag --min_count 1 --input_add_prefix_second "tag:"
[[0,0.0,0.0],true]
word2vec_distance "tag:groonga"
[
  [
    0,
    0.0,
    0.0
  ],
  [
    [
      8
    ],
    [
      [
        "_key",
        "ShortText"
      ],
      [
        "_value",
        "Float"
      ]
    ],
    [
      "tag:postgresql",
      0.236046329140663
    ],
    [
      "fulltextsearch",
      0.183403044939041
    ],
    [
      "</s>",
      0.0981750339269638
    ],
    [
      "server",
      -0.024527195841074
    ],
    [
      "database",
      -0.038426760584116
    ],
    [
      "tag:rroonga",
      -0.041764497756958
    ],
    [
      "tag:mysql",
      -0.0477972477674484
    ],
    [
      "library",
      -0.128371581435204
    ]
  ]
]
