plugin_register word2vec/word2vec
[[0,0.0,0.0],true]
table_create Tags TABLE_PAT_KEY ShortText
[[0,0.0,0.0],true]
table_create Entries TABLE_NO_KEY
[[0,0.0,0.0],true]
column_create Entries title COLUMN_SCALAR ShortText
[[0,0.0,0.0],true]
column_create Entries tag COLUMN_SCALAR Tags
[[0,0.0,0.0],true]
column_create Entries tags COLUMN_VECTOR Tags
[[0,0.0,0.0],true]
load --table Entries
[
{"title": "FulltextSearch", "tag": "Library", "tags": ["Groonga", "Rroonga"]},
{"title": "Database", "tag": "Server", "tags": ["MySQL", "PostgreSQL"]}
]
[[0,0.0,0.0],2]
word2vec_train Entries title,tag,tags --min_count 1 --normalizer "NONE"
[[0,0.0,0.0],true]
word2vec_distance "Groonga" --normalizer "NONE"
[
  [
    0,
    0.0,
    0.0
  ],
  [
    [
      8
    ],
    [
      [
        "_key",
        "ShortText"
      ],
      [
        "_value",
        "Float"
      ]
    ],
    [
      "Rroonga",
      0.12582902610302
    ],
    [
      "FulltextSearch",
      0.0368562042713165
    ],
    [
      "MySQL",
      -0.0158039312809706
    ],
    [
      "PostgreSQL",
      -0.0281914249062538
    ],
    [
      "Library",
      -0.0417644791305065
    ],
    [
      "Database",
      -0.0530047751963139
    ],
    [
      "Server",
      -0.08939129114151
    ],
    [
      "</s>",
      -0.100139416754246
    ]
  ]
]
