plugin_register word2vec/word2vec
[[0,0.0,0.0],true]
table_create Tags TABLE_PAT_KEY ShortText
[[0,0.0,0.0],true]
table_create Entries TABLE_NO_KEY
[[0,0.0,0.0],true]
column_create Entries title COLUMN_SCALAR ShortText
[[0,0.0,0.0],true]
column_create Entries tag COLUMN_SCALAR Tags
[[0,0.0,0.0],true]
column_create Entries tags COLUMN_VECTOR Tags
[[0,0.0,0.0],true]
load --table Entries
[
{"title": "FulltextSearch", "tag": "Library", "tags": ["Groonga", "Rroonga"]},
{"title": "Database", "tag": "Server", "tags": ["MySQL", "PostgreSQL"]}
]
[[0,0.0,0.0],2]
word2vec_train Entries title,tag,tags --min_count 1 --cbow 1 --hs 0 --sentence_vectors 1
[[0,0.0,0.0],true]
word2vec_distance "doc_id:1"
[
  [
    0,
    0.0,
    0.0
  ],
  [
    [
      "doc_id:1",
      1.0
    ],
    [
      [
        "fulltextsearch",
        0.18340303003788
      ],
      [
        "mysql",
        0.173943668603897
      ],
      [
        "database",
        0.0758075639605522
      ],
      [
        "groonga",
        0.0564095415174961
      ],
      [
        "library",
        0.0368562042713165
      ],
      [
        "doc_id:2",
        -0.000387371052056551
      ],
      [
        "</s>",
        -0.0632898360490799
      ],
      [
        "postgresql",
        -0.0989267230033875
      ],
      [
        "rroonga",
        -0.13147459924221
      ],
      [
        "server",
        -0.170803934335709
      ]
    ]
  ]
]
